Archive member included to satisfy reference by file (symbol)

c:/program files (x86)/atmel/studio/7.0/toolchain/avr8/avr8-gnu-toolchain/bin/../lib/gcc/avr/4.9.2/../../../../avr/lib/avrxmega2\libm.a(addsf3.o)
                              app/adc_app.o (__subsf3)
c:/program files (x86)/atmel/studio/7.0/toolchain/avr8/avr8-gnu-toolchain/bin/../lib/gcc/avr/4.9.2/../../../../avr/lib/avrxmega2\libm.a(addsf3x.o)
                              c:/program files (x86)/atmel/studio/7.0/toolchain/avr8/avr8-gnu-toolchain/bin/../lib/gcc/avr/4.9.2/../../../../avr/lib/avrxmega2\libm.a(addsf3.o) (__addsf3x)
c:/program files (x86)/atmel/studio/7.0/toolchain/avr8/avr8-gnu-toolchain/bin/../lib/gcc/avr/4.9.2/../../../../avr/lib/avrxmega2\libm.a(cmpsf2.o)
                              app/adc_app.o (__ltsf2)
c:/program files (x86)/atmel/studio/7.0/toolchain/avr8/avr8-gnu-toolchain/bin/../lib/gcc/avr/4.9.2/../../../../avr/lib/avrxmega2\libm.a(divsf3.o)
                              app/adc_app.o (__divsf3)
c:/program files (x86)/atmel/studio/7.0/toolchain/avr8/avr8-gnu-toolchain/bin/../lib/gcc/avr/4.9.2/../../../../avr/lib/avrxmega2\libm.a(divsf3x.o)
                              c:/program files (x86)/atmel/studio/7.0/toolchain/avr8/avr8-gnu-toolchain/bin/../lib/gcc/avr/4.9.2/../../../../avr/lib/avrxmega2\libm.a(divsf3.o) (__divsf3x)
c:/program files (x86)/atmel/studio/7.0/toolchain/avr8/avr8-gnu-toolchain/bin/../lib/gcc/avr/4.9.2/../../../../avr/lib/avrxmega2\libm.a(fixunssfsi.o)
                              app/adc_app.o (__fixunssfsi)
c:/program files (x86)/atmel/studio/7.0/toolchain/avr8/avr8-gnu-toolchain/bin/../lib/gcc/avr/4.9.2/../../../../avr/lib/avrxmega2\libm.a(floatsisf.o)
                              app/adc_app.o (__floatunsisf)
c:/program files (x86)/atmel/studio/7.0/toolchain/avr8/avr8-gnu-toolchain/bin/../lib/gcc/avr/4.9.2/../../../../avr/lib/avrxmega2\libm.a(fp_cmp.o)
                              c:/program files (x86)/atmel/studio/7.0/toolchain/avr8/avr8-gnu-toolchain/bin/../lib/gcc/avr/4.9.2/../../../../avr/lib/avrxmega2\libm.a(cmpsf2.o) (__fp_cmp)
c:/program files (x86)/atmel/studio/7.0/toolchain/avr8/avr8-gnu-toolchain/bin/../lib/gcc/avr/4.9.2/../../../../avr/lib/avrxmega2\libm.a(fp_inf.o)
                              c:/program files (x86)/atmel/studio/7.0/toolchain/avr8/avr8-gnu-toolchain/bin/../lib/gcc/avr/4.9.2/../../../../avr/lib/avrxmega2\libm.a(addsf3x.o) (__fp_inf)
c:/program files (x86)/atmel/studio/7.0/toolchain/avr8/avr8-gnu-toolchain/bin/../lib/gcc/avr/4.9.2/../../../../avr/lib/avrxmega2\libm.a(fp_nan.o)
                              c:/program files (x86)/atmel/studio/7.0/toolchain/avr8/avr8-gnu-toolchain/bin/../lib/gcc/avr/4.9.2/../../../../avr/lib/avrxmega2\libm.a(addsf3x.o) (__fp_nan)
c:/program files (x86)/atmel/studio/7.0/toolchain/avr8/avr8-gnu-toolchain/bin/../lib/gcc/avr/4.9.2/../../../../avr/lib/avrxmega2\libm.a(fp_pscA.o)
                              c:/program files (x86)/atmel/studio/7.0/toolchain/avr8/avr8-gnu-toolchain/bin/../lib/gcc/avr/4.9.2/../../../../avr/lib/avrxmega2\libm.a(addsf3x.o) (__fp_pscA)
c:/program files (x86)/atmel/studio/7.0/toolchain/avr8/avr8-gnu-toolchain/bin/../lib/gcc/avr/4.9.2/../../../../avr/lib/avrxmega2\libm.a(fp_pscB.o)
                              c:/program files (x86)/atmel/studio/7.0/toolchain/avr8/avr8-gnu-toolchain/bin/../lib/gcc/avr/4.9.2/../../../../avr/lib/avrxmega2\libm.a(addsf3x.o) (__fp_pscB)
c:/program files (x86)/atmel/studio/7.0/toolchain/avr8/avr8-gnu-toolchain/bin/../lib/gcc/avr/4.9.2/../../../../avr/lib/avrxmega2\libm.a(fp_round.o)
                              c:/program files (x86)/atmel/studio/7.0/toolchain/avr8/avr8-gnu-toolchain/bin/../lib/gcc/avr/4.9.2/../../../../avr/lib/avrxmega2\libm.a(addsf3.o) (__fp_round)
c:/program files (x86)/atmel/studio/7.0/toolchain/avr8/avr8-gnu-toolchain/bin/../lib/gcc/avr/4.9.2/../../../../avr/lib/avrxmega2\libm.a(fp_split3.o)
                              c:/program files (x86)/atmel/studio/7.0/toolchain/avr8/avr8-gnu-toolchain/bin/../lib/gcc/avr/4.9.2/../../../../avr/lib/avrxmega2\libm.a(addsf3x.o) (__fp_split3)
c:/program files (x86)/atmel/studio/7.0/toolchain/avr8/avr8-gnu-toolchain/bin/../lib/gcc/avr/4.9.2/../../../../avr/lib/avrxmega2\libm.a(fp_zero.o)
                              c:/program files (x86)/atmel/studio/7.0/toolchain/avr8/avr8-gnu-toolchain/bin/../lib/gcc/avr/4.9.2/../../../../avr/lib/avrxmega2\libm.a(addsf3x.o) (__fp_zero)
c:/program files (x86)/atmel/studio/7.0/toolchain/avr8/avr8-gnu-toolchain/bin/../lib/gcc/avr/4.9.2/../../../../avr/lib/avrxmega2\libm.a(gesf2.o)
                              app/adc_app.o (__gtsf2)
c:/program files (x86)/atmel/studio/7.0/toolchain/avr8/avr8-gnu-toolchain/bin/../lib/gcc/avr/4.9.2/../../../../avr/lib/avrxmega2\libm.a(mulsf3.o)
                              app/adc_app.o (__mulsf3)
c:/program files (x86)/atmel/studio/7.0/toolchain/avr8/avr8-gnu-toolchain/bin/../lib/gcc/avr/4.9.2/../../../../avr/lib/avrxmega2\libm.a(mulsf3x.o)
[...]
Memory Configuration

Name             Origin             Length             Attributes
text             0x00000000         0x00100000         xr
data             0x00802000         0x0000ffa0         rw !x
eeprom           0x00810000         0x00010000         rw !x
fuse             0x00820000         0x00000400         rw !x
lock             0x00830000         0x00000400         rw !x
signature        0x00840000         0x00000400         rw !x
user_signatures  0x00850000         0x00000400         rw !x
*default*        0x00000000         0xffffffff

Linker script and memory map

LOAD C:/Program Files (x86)/Atmel/Studio/7.0/Packs/atmel/XMEGAE_DFP/1.0.30/gcc/dev/atxmega32e5/avrxmega2/crtatxmega32e5.o
LOAD src/ASF/xmega/drivers/wdt/wdt.o
LOAD app/adc_app.o
LOAD app/eeprom.o
LOAD app/fft_app.o
LOAD app/mtch6301.o
LOAD app/timer_app.o
LOAD app/uart.o
LOAD app/wear.o
LOAD app/ws2812.o
LOAD fft/ffft.o
LOAD main.o
LOAD src/ASF/common/services/clock/xmega/sysclk.o
LOAD src/ASF/common/services/ioport/xmega/ioport_compat.o
LOAD src/ASF/common/services/serial/usart_serial.o
LOAD src/ASF/common/services/sleepmgr/xmega/sleepmgr.o
LOAD src/ASF/xmega/boards/stk600/rc032x/init.o
LOAD src/ASF/xmega/drivers/adc/adc.o
LOAD src/ASF/xmega/drivers/adc/xmega_e/adc_e.o
LOAD src/ASF/xmega/drivers/cpu/ccp.o
LOAD src/ASF/xmega/drivers/nvm/nvm.o
LOAD src/ASF/xmega/drivers/nvm/nvm_asm.o
LOAD src/ASF/xmega/drivers/tc45/tc45.o
LOAD src/ASF/xmega/drivers/twi/twim.o
LOAD src/ASF/xmega/drivers/usart/usart.o
START GROUP
LOAD c:/program files (x86)/atmel/studio/7.0/toolchain/avr8/avr8-gnu-toolchain/bin/../lib/gcc/avr/4.9.2/../../../../avr/lib/avrxmega2\libm.a
END GROUP
Address of section .BOOT set to 0x8000
START GROUP
LOAD c:/program files (x86)/atmel/studio/7.0/toolchain/avr8/avr8-gnu-toolchain/bin/../lib/gcc/avr/4.9.2/avrxmega2\libgcc.a
LOAD c:/program files (x86)/atmel/studio/7.0/toolchain/avr8/avr8-gnu-toolchain/bin/../lib/gcc/avr/4.9.2/../../../../avr/lib/avrxmega2\libm.a
LOAD c:/program files (x86)/atmel/studio/7.0/toolchain/avr8/avr8-gnu-toolchain/bin/../lib/gcc/avr/4.9.2/../../../../avr/lib/avrxmega2\libc.a
LOAD C:/Program Files (x86)/Atmel/Studio/7.0/Packs/atmel/XMEGAE_DFP/1.0.30/gcc/dev/atxmega32e5/avrxmega2\libatxmega32e5.a
END GROUP

.hash
 *(.hash)

.dynsym
 *(.dynsym)

.dynstr
 *(.dynstr)

.gnu.version
 *(.gnu.version)

.gnu.version_d
 *(.gnu.version_d)

.gnu.version_r
 *(.gnu.version_r)

.rel.init
 *(.rel.init)

.rela.init
 *(.rela.init)

.rel.text
 *(.rel.text)
 *(.rel.text.*)
 *(.rel.gnu.linkonce.t*)

.rela.text
 *(.rela.text)
 *(.rela.text.*)
 *(.rela.gnu.linkonce.t*)

.rel.fini
 *(.rel.fini)

.rela.fini
 *(.rela.fini)

.rel.rodata
 *(.rel.rodata)
 *(.rel.rodata.*)
 *(.rel.gnu.linkonce.r*)

.rela.rodata
 *(.rela.rodata)
 *(.rela.rodata.*)
 *(.rela.gnu.linkonce.r*)

.rel.data
 *(.rel.data)
 *(.rel.data.*)
 *(.rel.gnu.linkonce.d*)

.rela.data
 *(.rela.data)
 *(.rela.data.*)
 *(.rela.gnu.linkonce.d*)

.rel.ctors
 *(.rel.ctors)

.rela.ctors
 *(.rela.ctors)

.rel.dtors
 *(.rel.dtors)

.rela.dtors
 *(.rela.dtors)

.rel.got
 *(.rel.got)

.rela.got
 *(.rela.got)

.rel.bss
 *(.rel.bss)

.rela.bss
 *(.rela.bss)

.rel.plt
 *(.rel.plt)

.rela.plt
 *(.rela.plt)

.text           0x00000000     0x28ec
 *(.vectors)
 .vectors       0x00000000       0xac C:/Program Files (x86)/Atmel/Studio/7.0/Packs/atmel/XMEGAE_DFP/1.0.30/gcc/dev/atxmega32e5/avrxmega2/crtatxmega32e5.o
                0x00000000                __vector_default
                0x00000000                __vectors
 *(.vectors)
 *(.progmem.gcc*)
 .progmem.gcc_sw_table.__vector_9
                0x000000ac       0xa6 app/mtch6301.o
 .progmem.gcc_sw_table.uartCmdValid
                0x00000152       0xe0 app/uart.o
 .progmem.gcc_sw_table.__vector_40
                0x00000232       0xee app/uart.o
                0x00000320                . = ALIGN (0x2)
                0x00000320                __trampolines_start = .
 *(.trampolines)
 .trampolines   0x00000320        0x0 linker stubs
 *(.trampolines*)
                0x00000320                __trampolines_end = .
 *(.progmem*)
                0x00000320                . = ALIGN (0x2)
 *(.jumptables)
 *(.jumptables*)
 *(.lowtext)
 *(.lowtext*)
                0x00000320                __ctors_start = .
 *(.ctors)
                0x00000320                __ctors_end = .
                0x00000320                __dtors_start = .
 *(.dtors)
                0x00000320                __dtors_end = .
 SORT(*)(.ctors)
 SORT(*)(.dtors)
 *(.init0)
 .init0         0x00000320        0x0 C:/Program Files (x86)/Atmel/Studio/7.0/Packs/atmel/XMEGAE_DFP/1.0.30/gcc/dev/atxmega32e5/avrxmega2/crtatxmega32e5.o
                0x00000320                __init
 *(.init0)
 *(.init1)
 *(.init1)
 *(.init2)
 .init2         0x00000320        0xc C:/Program Files (x86)/Atmel/Studio/7.0/Packs/atmel/XMEGAE_DFP/1.0.30/gcc/dev/atxmega32e5/avrxmega2/crtatxmega32e5.o
 *(.init2)
 *(.init3)
 *(.init3)
 *(.init4)
 .init4         0x0000032c       0x16 c:/program files (x86)/atmel/studio/7.0/toolchain/avr8/avr8-gnu-toolchain/bin/../lib/gcc/avr/4.9.2/avrxmega2\libgcc.a(_copy_data.o)
                0x0000032c                __do_copy_data
 .init4         0x00000342       0x10 c:/program files (x86)/atmel/studio/7.0/toolchain/avr8/avr8-gnu-toolchain/bin/../lib/gcc/avr/4.9.2/avrxmega2\libgcc.a(_clear_bss.o)
                0x00000342                __do_clear_bss
 *(.init4)
 *(.init5)
 *(.init5)
 *(.init6)
 *(.init6)
 *(.init7)
 *(.init7)
 *(.init8)
 *(.init8)
 *(.init9)
 .init9         0x00000352        0x8 C:/Program Files (x86)/Atmel/Studio/7.0/Packs/atmel/XMEGAE_DFP/1.0.30/gcc/dev/atxmega32e5/avrxmega2/crtatxmega32e5.o
 *(.init9)
 *(.text)
 .text          0x0000035a        0x2 C:/Program Files (x86)/Atmel/Studio/7.0/Packs/atmel/XMEGAE_DFP/1.0.30/gcc/dev/atxmega32e5/avrxmega2/crtatxmega32e5.o
                0x0000035a                __vector_22
                0x0000035a                __vector_28
                0x0000035a                __vector_1
                0x0000035a                __vector_32
                0x0000035a                __vector_24
                0x0000035a                __bad_interrupt
                0x0000035a                __vector_6
                0x0000035a                __vector_31
                0x0000035a                __vector_3
                0x0000035a                __vector_30
                0x0000035a                __vector_25
                0x0000035a                __vector_7
                0x0000035a                __vector_41
                0x0000035a                __vector_27
                0x0000035a                __vector_5
                0x0000035a                __vector_33
                0x0000035a                __vector_4
                0x0000035a                __vector_2
                0x0000035a                __vector_29
                0x0000035a                __vector_8
                0x0000035a                __vector_26
                0x0000035a                __vector_10
                0x0000035a                __vector_42
                0x0000035c                . = ALIGN (0x2)
 *(.text.*)
 .text.wdt_set_timeout_period
                0x0000035c       0x28 src/ASF/xmega/drivers/wdt/wdt.o
                0x0000035c                wdt_set_timeout_period
 .text.wdt_enable
                0x00000384       0x1c src/ASF/xmega/drivers/wdt/wdt.o
                0x00000384                wdt_enable
 .text.init_i2c
                0x000003a0       0x60 app/mtch6301.o
                0x000003a0                init_i2c
 .text.init_mtch6301
                0x00000400       0x2c app/mtch6301.o
                0x00000400                init_mtch6301
 .text.init_mtchio
                0x0000042c       0x64 app/mtch6301.o
                0x0000042c                init_mtchio
 .text.cmd_write_register
                0x00000490       0x76 app/mtch6301.o
                0x00000490                cmd_write_register
 .text.cmd_mtch6301
                0x00000506       0x68 app/mtch6301.o
                0x00000506                cmd_mtch6301
 .text.write_mtch_settings
                0x0000056e      0x93e app/mtch6301.o
                0x0000056e                write_mtch_settings
 .text.__vector_9
                0x00000eac      0x1b2 app/mtch6301.o
                0x00000eac                __vector_9
 .text.timerD5_overflow_interrupt_callback
                0x0000105e       0x12 app/timer_app.o
 .text.init_timerd5
                0x00001070       0x50 app/timer_app.o
                0x00001070                init_timerd5
 .text.uart_send_status
                0x000010c0        0xc app/uart.o
                0x000010c0                uart_send_status
 .text.led_set_from_colors
                0x000010cc       0xbe app/uart.o
                0x000010cc                led_set_from_colors
 .text.get_pulse_state
                0x0000118a        0x6 app/uart.o
                0x0000118a                get_pulse_state
 .text.__vector_23
                0x00001190       0xda app/uart.o
                0x00001190                __vector_23
 .text.uartCmdValid
                0x0000126a       0x1c app/uart.o
                0x0000126a                uartCmdValid
 .text.__vector_40
                0x00001286      0x362 app/uart.o
                0x00001286                __vector_40
 .text.uart_send_bytes
                0x000015e8       0x30 app/uart.o
                0x000015e8                uart_send_bytes
 .text.ischarging
                0x00001618        0xa app/wear.o
                0x00001618                ischarging
 .text.twinkle  0x00001622       0x2c app/wear.o
                0x00001622                twinkle
 .text.rainbow  0x0000164e       0x32 app/wear.o
                0x0000164e                rainbow
 .text.clear_led
                0x00001680       0x2a app/wear.o
                0x00001680                clear_led
 .text.__vector_35
                0x000016aa       0x54 app/wear.o
                0x000016aa                __vector_35
 .text.send_response
                0x000016fe       0x22 app/wear.o
                0x000016fe                send_response
 .text.send_light_data
                0x00001720       0x32 app/wear.o
                0x00001720                send_light_data
 .text.send_battery_data
                0x00001752       0x34 app/wear.o
                0x00001752                send_battery_data
 .text.send_charging_data
                0x00001786       0x2a app/wear.o
                0x00001786                send_charging_data
 .text.send_mtch_update_status
                0x000017b0       0x2e app/wear.o
                0x000017b0                send_mtch_update_status
 .text.send_color_data
                0x000017de       0x4e app/wear.o
                0x000017de                send_color_data
 .text.send_pulse_data
                0x0000182c       0x2a app/wear.o
                0x0000182c                send_pulse_data
 .text.restore_led_from_eeprom
                0x00001856       0x58 app/wear.o
                0x00001856                restore_led_from_eeprom
 .text.wdt_kick
                0x000018ae       0x10 app/wear.o
                0x000018ae                wdt_kick
 .text.init_ws2812
                0x000018be       0x2a app/ws2812.o
                0x000018be                init_ws2812
 .text.set_led_ws2812
                0x000018e8      0x226 app/ws2812.o
                0x000018e8                set_led_ws2812
 .text.set_flash_ws2812
                0x00001b0e       0x3c app/ws2812.o
                0x00001b0e                set_flash_ws2812
 .text.main     0x00001b4a      0x36c main.o
                0x00001b4a                main
 .text.sysclk_init
                0x00001eb6       0x4e src/ASF/common/services/clock/xmega/sysclk.o
                0x00001eb6                sysclk_init
 .text.sysclk_enable_module
                0x00001f04       0x18 src/ASF/common/services/clock/xmega/sysclk.o
                0x00001f04                sysclk_enable_module
 .text.sysclk_disable_module
                0x00001f1c       0x16 src/ASF/common/services/clock/xmega/sysclk.o
                0x00001f1c                sysclk_disable_module
 .text.ioport_configure_port_pin
                0x00001f32       0x50 src/ASF/common/services/ioport/xmega/ioport_compat.o
                0x00001f32                ioport_configure_port_pin
 .text.__vector_34
                0x00001f82       0x5c src/ASF/xmega/drivers/adc/xmega_e/adc_e.o
                0x00001f82                __vector_34
 .text.ccp_write_io
                0x00001fde        0xc src/ASF/xmega/drivers/cpu/ccp.o
                0x00001fde                ccp_write_io
 .text.nvm_eeprom_read_byte
                0x00001fea       0x14 src/ASF/xmega/drivers/nvm/nvm.o
                0x00001fea                nvm_eeprom_read_byte
 .text.nvm_eeprom_flush_buffer
                0x00001ffe       0x22 src/ASF/xmega/drivers/nvm/nvm.o
                0x00001ffe                nvm_eeprom_flush_buffer
 .text.nvm_eeprom_load_byte_to_buffer
                0x00002020       0x14 src/ASF/xmega/drivers/nvm/nvm.o
                0x00002020                nvm_eeprom_load_byte_to_buffer
 .text.nvm_eeprom_write_byte
                0x00002034       0x4a src/ASF/xmega/drivers/nvm/nvm.o
                0x00002034                nvm_eeprom_write_byte
 .text.__vector_12
                0x0000207e       0x52 src/ASF/xmega/drivers/tc45/tc45.o
                0x0000207e                __vector_12
 .text.__vector_13
                0x000020d0       0x52 src/ASF/xmega/drivers/tc45/tc45.o
                0x000020d0                __vector_13
 .text.__vector_14
                0x00002122       0x52 src/ASF/xmega/drivers/tc45/tc45.o
                0x00002122                __vector_14
 .text.__vector_15
                0x00002174       0x52 src/ASF/xmega/drivers/tc45/tc45.o
                0x00002174                __vector_15
 .text.__vector_16
                0x000021c6       0x52 src/ASF/xmega/drivers/tc45/tc45.o
                0x000021c6                __vector_16
 .text.__vector_17
                0x00002218       0x52 src/ASF/xmega/drivers/tc45/tc45.o
                0x00002218                __vector_17
 .text.__vector_18
                0x0000226a       0x52 src/ASF/xmega/drivers/tc45/tc45.o
                0x0000226a                __vector_18
 .text.__vector_19
                0x000022bc       0x52 src/ASF/xmega/drivers/tc45/tc45.o
                0x000022bc                __vector_19
 .text.__vector_20
                0x0000230e       0x52 src/ASF/xmega/drivers/tc45/tc45.o
                0x0000230e                __vector_20
 .text.__vector_21
                0x00002360       0x52 src/ASF/xmega/drivers/tc45/tc45.o
                0x00002360                __vector_21
 .text.__vector_36
                0x000023b2       0x52 src/ASF/xmega/drivers/tc45/tc45.o
                0x000023b2                __vector_36
 .text.__vector_37
                0x00002404       0x52 src/ASF/xmega/drivers/tc45/tc45.o
                0x00002404                __vector_37
 .text.__vector_38
                0x00002456       0x52 src/ASF/xmega/drivers/tc45/tc45.o
                0x00002456                __vector_38
 .text.__vector_39
                0x000024a8       0x52 src/ASF/xmega/drivers/tc45/tc45.o
                0x000024a8                __vector_39
 .text.tc45_enable
                0x000024fa       0x64 src/ASF/xmega/drivers/tc45/tc45.o
                0x000024fa                tc45_enable
 .text.tc45_disable
                0x0000255e       0x64 src/ASF/xmega/drivers/tc45/tc45.o
                0x0000255e                tc45_disable
 .text.tc45_set_overflow_interrupt_callback
                0x000025c2       0x34 src/ASF/xmega/drivers/tc45/tc45.o
                0x000025c2                tc45_set_overflow_interrupt_callback
 .text.__vector_11
                0x000025f6      0x194 src/ASF/xmega/drivers/twi/twim.o
                0x000025f6                __vector_11
 .text.twi_master_init
                0x0000278a       0x2a src/ASF/xmega/drivers/twi/twim.o
                0x0000278a                twi_master_init
 .text.twi_master_transfer
                0x000027b4       0xa6 src/ASF/xmega/drivers/twi/twim.o
                0x000027b4                twi_master_transfer
 .text.usart_putchar
                0x0000285a       0x1c src/ASF/xmega/drivers/usart/usart.o
                0x0000285a                usart_putchar
 .text.usart_getchar
                0x00002876       0x18 src/ASF/xmega/drivers/usart/usart.o
                0x00002876                usart_getchar
 .text.libgcc.div
                0x0000288e       0x28 c:/program files (x86)/atmel/studio/7.0/toolchain/avr8/avr8-gnu-toolchain/bin/../lib/gcc/avr/4.9.2/avrxmega2\libgcc.a(_udivmodhi4.o)
                0x0000288e                __udivmodhi4
 .text.libgcc.div
                0x000028b6       0x26 c:/program files (x86)/atmel/studio/7.0/toolchain/avr8/avr8-gnu-toolchain/bin/../lib/gcc/avr/4.9.2/avrxmega2\libgcc.a(_divmodhi4.o)
                0x000028b6                _div
                0x000028b6                __divmodhi4
 .text.libgcc   0x000028dc        0xc c:/program files (x86)/atmel/studio/7.0/toolchain/avr8/avr8-gnu-toolchain/bin/../lib/gcc/avr/4.9.2/avrxmega2\libgcc.a(_tablejump2.o)
                0x000028dc                __tablejump2__
                0x000028e8                . = ALIGN (0x2)
 *(.fini9)
 .fini9         0x000028e8        0x0 c:/program files (x86)/atmel/studio/7.0/toolchain/avr8/avr8-gnu-toolchain/bin/../lib/gcc/avr/4.9.2/avrxmega2\libgcc.a(_exit.o)
                0x000028e8                _exit
                0x000028e8                exit
 *(.fini9)
 *(.fini8)
 *(.fini8)
 *(.fini7)
 *(.fini7)
 *(.fini6)
 *(.fini6)
 *(.fini5)
 *(.fini5)
 *(.fini4)
 *(.fini4)
 *(.fini3)
 *(.fini3)
 *(.fini2)
 *(.fini2)
 *(.fini1)
 *(.fini1)
 *(.fini0)
 .fini0         0x000028e8        0x4 c:/program files (x86)/atmel/studio/7.0/toolchain/avr8/avr8-gnu-toolchain/bin/../lib/gcc/avr/4.9.2/avrxmega2\libgcc.a(_exit.o)
 *(.fini0)
                0x000028ec                _etext = .

.data           0x00802000       0x2a load address 0x000028ec
                0x00802000                PROVIDE (__data_start, .)
 *(.data)
 *(.data*)
 .data.HIGH_DIVIDER
                0x00802000        0x1 app/adc_app.o
                0x00802000                HIGH_DIVIDER
 .data.MID_DIVIDER
                0x00802001        0x1 app/adc_app.o
                0x00802001                MID_DIVIDER
 .data.LOW_DIVIDER
                0x00802002        0x1 app/adc_app.o
                0x00802002                LOW_DIVIDER
 .data.status_res
                0x00802003        0x1 app/mtch6301.o
                0x00802003                status_res
 .data.cmd_res  0x00802004        0x1 app/mtch6301.o
                0x00802004                cmd_res
 .data.colors   0x00802005        0x9 app/uart.o
                0x00802005                colors
 .data.buffer_data
                0x0080200e        0xd app/uart.o
                0x0080200e                buffer_data
 .data.uart_length
                0x0080201b        0x1 app/uart.o
                0x0080201b                uart_length
 .data.chargeBrightness
                0x0080201c        0x1 app/wear.o
                0x0080201c                chargeBrightness
 .data.chargeLVL6
                0x0080201d        0x2 app/wear.o
                0x0080201d                chargeLVL6
 .data.chargeLVL5
                0x0080201f        0x2 app/wear.o
                0x0080201f                chargeLVL5
 .data.chargeLVL4
                0x00802021        0x2 app/wear.o
                0x00802021                chargeLVL4
 .data.chargeLVL3
                0x00802023        0x2 app/wear.o
                0x00802023                chargeLVL3
 .data.chargeLVL2
                0x00802025        0x2 app/wear.o
                0x00802025                chargeLVL2
 .data.chargeLVL1
                0x00802027        0x2 app/wear.o
                0x00802027                chargeLVL1
 *(.rodata)
 *(.rodata*)
 *(.gnu.linkonce.d*)
                0x0080202a                . = ALIGN (0x2)
 *fill*         0x00802029        0x1 
                0x0080202a                _edata = .
                0x0080202a                PROVIDE (__data_end, .)

.bss            0x0080202a       0x7c
                0x0080202a                PROVIDE (__bss_start, .)
 *(.bss)
 *(.bss*)
 .bss.latest_gesture
                0x0080202a        0x1 app/mtch6301.o
                0x0080202a                latest_gesture
 .bss.response_slaver
                0x0080202b        0x9 app/mtch6301.o
                0x0080202b                response_slaver
 .bss.mapio_mtch6301
                0x00802034        0x1 app/mtch6301.o
                0x00802034                mapio_mtch6301
 .bss.cmd_status
                0x00802035        0x1 app/mtch6301.o
                0x00802035                cmd_status
 .bss.shutdown_received
                0x00802036        0x1 app/uart.o
                0x00802036                shutdown_received
 .bss.pulse_state_changed
                0x00802037        0x1 app/uart.o
                0x00802037                pulse_state_changed
 .bss.pulse_state
                0x00802038        0x1 app/uart.o
                0x00802038                pulse_state
 .bss.uart_done_flag
                0x00802039        0x1 app/uart.o
                0x00802039                uart_done_flag
 .bss.uart_start_flag
                0x0080203a        0x1 app/uart.o
                0x0080203a                uart_start_flag
 .bss.num_rx    0x0080203b        0x1 app/uart.o
                0x0080203b                num_rx
 .bss.value_batt
                0x0080203c        0x2 app/wear.o
                0x0080203c                value_batt
 .bss.value_light
                0x0080203e        0x2 app/wear.o
                0x0080203e                value_light
 .bss.chargeLVL0
                0x00802040        0x2 app/wear.o
                0x00802040                chargeLVL0
 .bss.tc45_tcd5_ccb_callback
                0x00802042        0x2 src/ASF/xmega/drivers/tc45/tc45.o
 .bss.tc45_tcd5_cca_callback
                0x00802044        0x2 src/ASF/xmega/drivers/tc45/tc45.o
 .bss.tc45_tcd5_err_callback
                0x00802046        0x2 src/ASF/xmega/drivers/tc45/tc45.o
 .bss.tc45_tcd5_ovf_callback
                0x00802048        0x2 src/ASF/xmega/drivers/tc45/tc45.o
 .bss.tc45_tcc5_ccb_callback
                0x0080204a        0x2 src/ASF/xmega/drivers/tc45/tc45.o
 .bss.tc45_tcc5_cca_callback
                0x0080204c        0x2 src/ASF/xmega/drivers/tc45/tc45.o
 .bss.tc45_tcc5_err_callback
                0x0080204e        0x2 src/ASF/xmega/drivers/tc45/tc45.o
 .bss.tc45_tcc5_ovf_callback
                0x00802050        0x2 src/ASF/xmega/drivers/tc45/tc45.o
 .bss.tc45_tcc4_ccd_callback
                0x00802052        0x2 src/ASF/xmega/drivers/tc45/tc45.o
 .bss.tc45_tcc4_ccc_callback
                0x00802054        0x2 src/ASF/xmega/drivers/tc45/tc45.o
 .bss.tc45_tcc4_ccb_callback
                0x00802056        0x2 src/ASF/xmega/drivers/tc45/tc45.o
 .bss.tc45_tcc4_cca_callback
                0x00802058        0x2 src/ASF/xmega/drivers/tc45/tc45.o
 .bss.tc45_tcc4_err_callback
                0x0080205a        0x2 src/ASF/xmega/drivers/tc45/tc45.o
 .bss.tc45_tcc4_ovf_callback
                0x0080205c        0x2 src/ASF/xmega/drivers/tc45/tc45.o
 .bss.transfer  0x0080205e        0xb src/ASF/xmega/drivers/twi/twim.o
 *(COMMON)
 COMMON         0x00802069        0x8 app/mtch6301.o
                0x00802069                touch_pkg
 COMMON         0x00802071        0x3 app/timer_app.o
                0x00802071                flag_timer5
                0x00802072                flag_timer4
                0x00802073                flag_timerd5
 COMMON         0x00802074       0x18 app/uart.o
                0x00802074                rxdata
 COMMON         0x0080208c       0x12 app/wear.o
                0x0080208c                m_led_struct
 COMMON         0x0080209e        0x6 src/ASF/common/services/sleepmgr/xmega/sleepmgr.o
                0x0080209e                sleepmgr_locks
 COMMON         0x008020a4        0x2 src/ASF/xmega/drivers/adc/adc.o
                0x008020a4                adca_callback
                0x008020a6                PROVIDE (__bss_end, .)
                0x000028ec                __data_load_start = LOADADDR (.data)
                0x00002916                __data_load_end = (__data_load_start + SIZEOF (.data))

.noinit         0x008020a6        0x0
                0x008020a6                PROVIDE (__noinit_start, .)
 *(.noinit*)
                0x008020a6                PROVIDE (__noinit_end, .)
                0x008020a6                _end = .
                0x008020a6                PROVIDE (__heap_start, .)

.eeprom         0x00810000        0xa
 *(.eeprom*)
 .eeprom        0x00810000        0xa app/eeprom.o
                0x00810000                data_init
                0x0081000a                __eeprom_end = .

.fuse
 *(.fuse)
 *(.lfuse)
 *(.hfuse)
 *(.efuse)

.lock
 *(.lock*)

.signature
 *(.signature*)

.user_signatures
 *(.user_signatures*)

.stab
 *(.stab)

.stabstr
 *(.stabstr)

.stab.excl
 *(.stab.excl)

.stab.exclstr
 *(.stab.exclstr)

.stab.index
 *(.stab.index)

.stab.indexstr
 *(.stab.indexstr)

.comment        0x00000000       0x30
 *(.comment)
 .comment       0x00000000       0x30 src/ASF/xmega/drivers/wdt/wdt.o
                                 0x31 (size before relaxing)
 .comment       0x00000030       0x31 app/adc_app.o
 .comment       0x00000030       0x31 app/eeprom.o
 .comment       0x00000030       0x31 app/mtch6301.o
 .comment       0x00000030       0x31 app/timer_app.o
 .comment       0x00000030       0x31 app/uart.o
 .comment       0x00000030       0x31 app/wear.o
 .comment       0x00000030       0x31 app/ws2812.o
 .comment       0x00000030       0x31 main.o
 .comment       0x00000030       0x31 src/ASF/common/services/clock/xmega/sysclk.o
 .comment       0x00000030       0x31 src/ASF/common/services/ioport/xmega/ioport_compat.o
 .comment       0x00000030       0x31 src/ASF/common/services/sleepmgr/xmega/sleepmgr.o
 .comment       0x00000030       0x31 src/ASF/xmega/drivers/adc/adc.o
 .comment       0x00000030       0x31 src/ASF/xmega/drivers/adc/xmega_e/adc_e.o
 .comment       0x00000030       0x31 src/ASF/xmega/drivers/nvm/nvm.o
 .comment       0x00000030       0x31 src/ASF/xmega/drivers/tc45/tc45.o
 .comment       0x00000030       0x31 src/ASF/xmega/drivers/twi/twim.o
 .comment       0x00000030       0x31 src/ASF/xmega/drivers/usart/usart.o

.note.gnu.avr.deviceinfo
                0x00000000       0x40
 .note.gnu.avr.deviceinfo
                0x00000000       0x40 C:/Program Files (x86)/Atmel/Studio/7.0/Packs/atmel/XMEGAE_DFP/1.0.30/gcc/dev/atxmega32e5/avrxmega2/crtatxmega32e5.o

.note.gnu.build-id
 *(.note.gnu.build-id)

.debug
 *(.debug)

.line
 *(.line)

.debug_srcinfo
 *(.debug_srcinfo)

.debug_sfnames
 *(.debug_sfnames)

.debug_aranges  0x00000000      0x6f8
 *(.debug_aranges)
 .debug_aranges
                0x00000000       0x50 src/ASF/xmega/drivers/wdt/wdt.o
 .debug_aranges
                0x00000050       0x90 app/adc_app.o
 .debug_aranges
                0x000000e0       0x20 app/eeprom.o
 .debug_aranges
                0x00000100       0x70 app/mtch6301.o
 .debug_aranges
                0x00000170       0x48 app/timer_app.o
 .debug_aranges
                0x000001b8       0xb8 app/uart.o
 .debug_aranges
                0x00000270      0x108 app/wear.o
 .debug_aranges
                0x00000378       0x38 app/ws2812.o
 .debug_aranges
                0x000003b0       0x28 main.o
 .debug_aranges
                0x000003d8       0x30 src/ASF/common/services/clock/xmega/sysclk.o
 .debug_aranges
                0x00000408       0x20 src/ASF/common/services/ioport/xmega/ioport_compat.o
 .debug_aranges
                0x00000428       0x18 src/ASF/common/services/sleepmgr/xmega/sleepmgr.o
 .debug_aranges
                0x00000440       0x48 src/ASF/xmega/drivers/adc/adc.o
 .debug_aranges
                0x00000488       0x40 src/ASF/xmega/drivers/adc/xmega_e/adc_e.o
 .debug_aranges
                0x000004c8       0x20 src/ASF/xmega/drivers/cpu/ccp.o
 .debug_aranges
                0x000004e8       0xc0 src/ASF/xmega/drivers/nvm/nvm.o
 .debug_aranges
                0x000005a8       0xc8 src/ASF/xmega/drivers/tc45/tc45.o
 .debug_aranges
                0x00000670       0x30 src/ASF/xmega/drivers/twi/twim.o
 .debug_aranges
                0x000006a0       0x58 src/ASF/xmega/drivers/usart/usart.o

.debug_pubnames
 *(.debug_pubnames)

.debug_info     0x00000000    0x179c7
 *(.debug_info .gnu.linkonce.wi.*)
 .debug_info    0x00000000      0x4e1 src/ASF/xmega/drivers/wdt/wdt.o
 .debug_info    0x000004e1     0x2f3c app/adc_app.o
 .debug_info    0x0000341d      0x230 app/eeprom.o
 .debug_info    0x0000364d     0x48a9 app/mtch6301.o
 .debug_info    0x00007ef6     0x1990 app/timer_app.o
 .debug_info    0x00009886     0x142f app/uart.o
 .debug_info    0x0000acb5     0x1fdf app/wear.o
 .debug_info    0x0000cc94     0x118a app/ws2812.o
 .debug_info    0x0000de1e     0x1b90 main.o
 .debug_info    0x0000f9ae      0x699 src/ASF/common/services/clock/xmega/sysclk.o
 .debug_info    0x00010047      0x11d src/ASF/common/services/ioport/xmega/ioport_compat.o
 .debug_info    0x00010164      0x121 src/ASF/common/services/sleepmgr/xmega/sleepmgr.o
 .debug_info    0x00010285      0xa84 src/ASF/xmega/drivers/adc/adc.o
 .debug_info    0x00010d09      0xc57 src/ASF/xmega/drivers/adc/xmega_e/adc_e.o
 .debug_info    0x00011960       0x85 src/ASF/xmega/drivers/cpu/ccp.o
 .debug_info    0x000119e5     0x1340 src/ASF/xmega/drivers/nvm/nvm.o
 .debug_info    0x00012d25     0x15d6 src/ASF/xmega/drivers/tc45/tc45.o
 .debug_info    0x000142fb      0x956 src/ASF/xmega/drivers/twi/twim.o
 .debug_info    0x00014c51     0x2d76 src/ASF/xmega/drivers/usart/usart.o

.debug_abbrev   0x00000000     0x3301
 *(.debug_abbrev)
 .debug_abbrev  0x00000000      0x15d src/ASF/xmega/drivers/wdt/wdt.o
 .debug_abbrev  0x0000015d      0x4cc app/adc_app.o
 .debug_abbrev  0x00000629      0x142 app/eeprom.o
 .debug_abbrev  0x0000076b      0x441 app/mtch6301.o
 .debug_abbrev  0x00000bac      0x323 app/timer_app.o
 .debug_abbrev  0x00000ecf      0x460 app/uart.o
 .debug_abbrev  0x0000132f      0x408 app/wear.o
 .debug_abbrev  0x00001737      0x2e8 app/ws2812.o
 .debug_abbrev  0x00001a1f      0x2b4 main.o
 .debug_abbrev  0x00001cd3      0x25f src/ASF/common/services/clock/xmega/sysclk.o
 .debug_abbrev  0x00001f32       0x93 src/ASF/common/services/ioport/xmega/ioport_compat.o
 .debug_abbrev  0x00001fc5       0x80 src/ASF/common/services/sleepmgr/xmega/sleepmgr.o
 .debug_abbrev  0x00002045      0x29d src/ASF/xmega/drivers/adc/adc.o
 .debug_abbrev  0x000022e2      0x2e3 src/ASF/xmega/drivers/adc/xmega_e/adc_e.o
 .debug_abbrev  0x000025c5       0x14 src/ASF/xmega/drivers/cpu/ccp.o
 .debug_abbrev  0x000025d9      0x3e5 src/ASF/xmega/drivers/nvm/nvm.o
 .debug_abbrev  0x000029be      0x2c6 src/ASF/xmega/drivers/tc45/tc45.o
 .debug_abbrev  0x00002c84      0x29e src/ASF/xmega/drivers/twi/twim.o
 .debug_abbrev  0x00002f22      0x3df src/ASF/xmega/drivers/usart/usart.o

.debug_line     0x00000000     0xc22d
 *(.debug_line .debug_line.* .debug_line_end)
 .debug_line    0x00000000      0x574 src/ASF/xmega/drivers/wdt/wdt.o
 .debug_line    0x00000574      0xff8 app/adc_app.o
 .debug_line    0x0000156c      0x8d4 app/eeprom.o
 .debug_line    0x00001e40     0x11aa app/mtch6301.o
 .debug_line    0x00002fea      0xa6e app/timer_app.o
 .debug_line    0x00003a58      0xedd app/uart.o
 .debug_line    0x00004935     0x1392 app/wear.o
 .debug_line    0x00005cc7     0x111c app/ws2812.o
 .debug_line    0x00006de3      0xcc4 main.o
 .debug_line    0x00007aa7      0x5af src/ASF/common/services/clock/xmega/sysclk.o
 .debug_line    0x00008056      0x4b1 src/ASF/common/services/ioport/xmega/ioport_compat.o
 .debug_line    0x00008507      0x454 src/ASF/common/services/sleepmgr/xmega/sleepmgr.o
 .debug_line    0x0000895b      0x74d src/ASF/xmega/drivers/adc/adc.o
 .debug_line    0x000090a8      0x83c src/ASF/xmega/drivers/adc/xmega_e/adc_e.o
 .debug_line    0x000098e4       0x6e src/ASF/xmega/drivers/cpu/ccp.o
 .debug_line    0x00009952      0xb03 src/ASF/xmega/drivers/nvm/nvm.o
 .debug_line    0x0000a455      0xcbc src/ASF/xmega/drivers/tc45/tc45.o
 .debug_line    0x0000b111      0x613 src/ASF/xmega/drivers/twi/twim.o
 .debug_line    0x0000b724      0xb09 src/ASF/xmega/drivers/usart/usart.o

.debug_frame    0x00000000     0x1704
 *(.debug_frame)
 .debug_frame   0x00000000       0x84 src/ASF/xmega/drivers/wdt/wdt.o
 .debug_frame   0x00000084      0x1e4 app/adc_app.o
 .debug_frame   0x00000268       0x34 app/eeprom.o
 .debug_frame   0x0000029c      0x178 app/mtch6301.o
 .debug_frame   0x00000414       0x98 app/timer_app.o
 .debug_frame   0x000004ac      0x228 app/uart.o
 .debug_frame   0x000006d4      0x2d4 app/wear.o
 .debug_frame   0x000009a8       0x68 app/ws2812.o
 .debug_frame   0x00000a10       0x44 main.o
 .debug_frame   0x00000a54       0x44 src/ASF/common/services/clock/xmega/sysclk.o
 .debug_frame   0x00000a98       0x30 src/ASF/common/services/ioport/xmega/ioport_compat.o
 .debug_frame   0x00000ac8       0x8c src/ASF/xmega/drivers/adc/adc.o
 .debug_frame   0x00000b54      0x124 src/ASF/xmega/drivers/adc/xmega_e/adc_e.o
 .debug_frame   0x00000c78      0x334 src/ASF/xmega/drivers/nvm/nvm.o
 .debug_frame   0x00000fac      0x574 src/ASF/xmega/drivers/tc45/tc45.o
 .debug_frame   0x00001520       0x94 src/ASF/xmega/drivers/twi/twim.o
 .debug_frame   0x000015b4      0x150 src/ASF/xmega/drivers/usart/usart.o

.debug_str      0x00000000    0x2dbdf
 *(.debug_str)
 .debug_str     0x00000000    0x24a87 src/ASF/xmega/drivers/wdt/wdt.o
                              0x24f62 (size before relaxing)
 .debug_str     0x00024a87     0x56cc app/adc_app.o
                              0x2a472 (size before relaxing)
 .debug_str     0x0002a153      0x3b7 app/eeprom.o
                              0x279da (size before relaxing)
 .debug_str     0x0002a50a      0xe2d app/mtch6301.o
                              0x2a187 (size before relaxing)
 .debug_str     0x0002b337      0x3c3 app/timer_app.o
                              0x29694 (size before relaxing)
 .debug_str     0x0002b6fa      0x545 app/uart.o
                              0x298f1 (size before relaxing)
 .debug_str     0x0002bc3f      0x299 app/wear.o
                              0x29a0f (size before relaxing)
 .debug_str     0x0002bed8       0xa2 app/ws2812.o
                              0x291b4 (size before relaxing)
 .debug_str     0x0002bf7a       0x77 main.o
                              0x29895 (size before relaxing)
 .debug_str     0x0002bff1      0x13b src/ASF/common/services/clock/xmega/sysclk.o
                              0x262dc (size before relaxing)
 .debug_str     0x0002c12c       0x41 src/ASF/common/services/ioport/xmega/ioport_compat.o
                              0x250bd (size before relaxing)
 .debug_str     0x0002c16d       0xb3 src/ASF/common/services/sleepmgr/xmega/sleepmgr.o
                              0x24df8 (size before relaxing)
 .debug_str     0x0002c220      0x32c src/ASF/xmega/drivers/adc/adc.o
                              0x26ec2 (size before relaxing)
 .debug_str     0x0002c54c      0x439 src/ASF/xmega/drivers/adc/xmega_e/adc_e.o
                              0x26fd6 (size before relaxing)
 .debug_str     0x0002c985      0x695 src/ASF/xmega/drivers/nvm/nvm.o
                              0x255d9 (size before relaxing)
 .debug_str     0x0002d01a      0x682 src/ASF/xmega/drivers/tc45/tc45.o
                              0x281b2 (size before relaxing)
 .debug_str     0x0002d69c      0x228 src/ASF/xmega/drivers/twi/twim.o
                              0x250b8 (size before relaxing)
 .debug_str     0x0002d8c4      0x31b src/ASF/xmega/drivers/usart/usart.o
                              0x27845 (size before relaxing)

.debug_loc      0x00000000     0x77d2
 *(.debug_loc)
 .debug_loc     0x00000000      0x152 src/ASF/xmega/drivers/wdt/wdt.o
 .debug_loc     0x00000152      0xadf app/adc_app.o
 .debug_loc     0x00000c31       0xa7 app/eeprom.o
 .debug_loc     0x00000cd8     0x18af app/mtch6301.o
 .debug_loc     0x00002587       0x8d app/timer_app.o
 .debug_loc     0x00002614      0x6ca app/uart.o
 .debug_loc     0x00002cde      0x670 app/wear.o
 .debug_loc     0x0000334e      0x78f app/ws2812.o
 .debug_loc     0x00003add      0x19d main.o
 .debug_loc     0x00003c7a      0x183 src/ASF/common/services/clock/xmega/sysclk.o
 .debug_loc     0x00003dfd       0x66 src/ASF/common/services/ioport/xmega/ioport_compat.o
 .debug_loc     0x00003e63      0x1be src/ASF/xmega/drivers/adc/adc.o
 .debug_loc     0x00004021      0x593 src/ASF/xmega/drivers/adc/xmega_e/adc_e.o
 .debug_loc     0x000045b4     0x11bb src/ASF/xmega/drivers/nvm/nvm.o
 .debug_loc     0x0000576f      0xcf4 src/ASF/xmega/drivers/tc45/tc45.o
 .debug_loc     0x00006463      0x3ba src/ASF/xmega/drivers/twi/twim.o
 .debug_loc     0x0000681d      0xfb5 src/ASF/xmega/drivers/usart/usart.o

.debug_macinfo
 *(.debug_macinfo)

.debug_weaknames
 *(.debug_weaknames)

.debug_funcnames
 *(.debug_funcnames)

.debug_typenames
 *(.debug_typenames)

.debug_varnames
 *(.debug_varnames)

.debug_pubtypes
 *(.debug_pubtypes)

.debug_ranges   0x00000000      0x780
 *(.debug_ranges)
 .debug_ranges  0x00000000       0x40 src/ASF/xmega/drivers/wdt/wdt.o
 .debug_ranges  0x00000040       0x80 app/adc_app.o
 .debug_ranges  0x000000c0       0x10 app/eeprom.o
 .debug_ranges  0x000000d0       0x60 app/mtch6301.o
 .debug_ranges  0x00000130       0x38 app/timer_app.o
 .debug_ranges  0x00000168       0xd8 app/uart.o
 .debug_ranges  0x00000240       0xf8 app/wear.o
 .debug_ranges  0x00000338      0x148 app/ws2812.o
 .debug_ranges  0x00000480       0x18 main.o
 .debug_ranges  0x00000498       0x20 src/ASF/common/services/clock/xmega/sysclk.o
 .debug_ranges  0x000004b8       0x10 src/ASF/common/services/ioport/xmega/ioport_compat.o
 .debug_ranges  0x000004c8       0x38 src/ASF/xmega/drivers/adc/adc.o
 .debug_ranges  0x00000500       0x30 src/ASF/xmega/drivers/adc/xmega_e/adc_e.o
 .debug_ranges  0x00000530       0xc8 src/ASF/xmega/drivers/nvm/nvm.o
 .debug_ranges  0x000005f8       0xb8 src/ASF/xmega/drivers/tc45/tc45.o
 .debug_ranges  0x000006b0       0x50 src/ASF/xmega/drivers/twi/twim.o
 .debug_ranges  0x00000700       0x80 src/ASF/xmega/drivers/usart/usart.o

.debug_macro    0x00000000     0xcb0d
 *(.debug_macro)
 .debug_macro   0x00000000      0x180 src/ASF/xmega/drivers/wdt/wdt.o
 .debug_macro   0x00000180      0xa5a src/ASF/xmega/drivers/wdt/wdt.o
 .debug_macro   0x00000bda       0x10 src/ASF/xmega/drivers/wdt/wdt.o
 .debug_macro   0x00000bea      0x1ad src/ASF/xmega/drivers/wdt/wdt.o
 .debug_macro   0x00000d97      0x293 src/ASF/xmega/drivers/wdt/wdt.o
 .debug_macro   0x0000102a       0x9e src/ASF/xmega/drivers/wdt/wdt.o
 .debug_macro   0x000010c8     0x62c8 src/ASF/xmega/drivers/wdt/wdt.o
 .debug_macro   0x00007390       0x9a src/ASF/xmega/drivers/wdt/wdt.o
 .debug_macro   0x0000742a       0xf1 src/ASF/xmega/drivers/wdt/wdt.o
 .debug_macro   0x0000751b       0x34 src/ASF/xmega/drivers/wdt/wdt.o
 .debug_macro   0x0000754f       0x10 src/ASF/xmega/drivers/wdt/wdt.o
 .debug_macro   0x0000755f       0x18 src/ASF/xmega/drivers/wdt/wdt.o
 .debug_macro   0x00007577       0x5e src/ASF/xmega/drivers/wdt/wdt.o
 .debug_macro   0x000075d5       0x10 src/ASF/xmega/drivers/wdt/wdt.o
 .debug_macro   0x000075e5       0x22 src/ASF/xmega/drivers/wdt/wdt.o
 .debug_macro   0x00007607      0x166 src/ASF/xmega/drivers/wdt/wdt.o
 .debug_macro   0x0000776d       0x1c src/ASF/xmega/drivers/wdt/wdt.o
 .debug_macro   0x00007789       0x35 src/ASF/xmega/drivers/wdt/wdt.o
 .debug_macro   0x000077be       0x66 src/ASF/xmega/drivers/wdt/wdt.o
 .debug_macro   0x00007824      0x44c src/ASF/xmega/drivers/wdt/wdt.o
 .debug_macro   0x00007c70       0x97 src/ASF/xmega/drivers/wdt/wdt.o
 .debug_macro   0x00007d07       0x17 src/ASF/xmega/drivers/wdt/wdt.o
 .debug_macro   0x00007d1e      0x250 src/ASF/xmega/drivers/wdt/wdt.o
 .debug_macro   0x00007f6e       0x76 src/ASF/xmega/drivers/wdt/wdt.o
 .debug_macro   0x00007fe4       0x16 src/ASF/xmega/drivers/wdt/wdt.o
 .debug_macro   0x00007ffa      0x6e0 src/ASF/xmega/drivers/wdt/wdt.o
 .debug_macro   0x000086da       0x10 src/ASF/xmega/drivers/wdt/wdt.o
 .debug_macro   0x000086ea      0x175 src/ASF/xmega/drivers/wdt/wdt.o
 .debug_macro   0x0000885f       0x40 src/ASF/xmega/drivers/wdt/wdt.o
 .debug_macro   0x0000889f       0x69 src/ASF/xmega/drivers/wdt/wdt.o
 .debug_macro   0x00008908       0x32 src/ASF/xmega/drivers/wdt/wdt.o
 .debug_macro   0x0000893a       0xe4 src/ASF/xmega/drivers/wdt/wdt.o
 .debug_macro   0x00008a1e       0x11 src/ASF/xmega/drivers/wdt/wdt.o
 .debug_macro   0x00008a2f      0x394 app/adc_app.o
 .debug_macro   0x00008dc3       0x10 app/adc_app.o
 .debug_macro   0x00008dd3       0x20 app/adc_app.o
 .debug_macro   0x00008df3       0x10 app/adc_app.o
 .debug_macro   0x00008e03       0x42 app/adc_app.o
 .debug_macro   0x00008e45       0x1c app/adc_app.o
 .debug_macro   0x00008e61      0x229 app/adc_app.o
 .debug_macro   0x0000908a       0x8e app/adc_app.o
 .debug_macro   0x00009118       0x81 app/adc_app.o
 .debug_macro   0x00009199       0x2f app/adc_app.o
 .debug_macro   0x000091c8      0x169 app/adc_app.o
 .debug_macro   0x00009331       0xc6 app/adc_app.o
 .debug_macro   0x000093f7       0x34 app/adc_app.o
 .debug_macro   0x0000942b       0x7c app/adc_app.o
 .debug_macro   0x000094a7      0x10f app/adc_app.o
 .debug_macro   0x000095b6       0x40 app/adc_app.o
 .debug_macro   0x000095f6       0x5a app/adc_app.o
 .debug_macro   0x00009650       0x16 app/adc_app.o
 .debug_macro   0x00009666       0x10 app/adc_app.o
 .debug_macro   0x00009676       0x3a app/adc_app.o
 .debug_macro   0x000096b0      0x3e7 app/adc_app.o
 .debug_macro   0x00009a97       0x58 app/adc_app.o
 .debug_macro   0x00009aef       0x9a app/adc_app.o
 .debug_macro   0x00009b89      0x32b app/eeprom.o
 .debug_macro   0x00009eb4      0x13c app/eeprom.o
 .debug_macro   0x00009ff0      0x361 app/mtch6301.o
 .debug_macro   0x0000a351       0x8e app/mtch6301.o
 .debug_macro   0x0000a3df      0x160 app/mtch6301.o
 .debug_macro   0x0000a53f      0x33f app/timer_app.o
 .debug_macro   0x0000a87e      0x35b app/uart.o
 .debug_macro   0x0000abd9      0x379 app/wear.o
 .debug_macro   0x0000af52      0x34e app/ws2812.o
 .debug_macro   0x0000b2a0      0x388 main.o
 .debug_macro   0x0000b628      0x1e2 src/ASF/common/services/clock/xmega/sysclk.o
 .debug_macro   0x0000b80a      0x193 src/ASF/common/services/ioport/xmega/ioport_compat.o
 .debug_macro   0x0000b99d      0x1a3 src/ASF/common/services/sleepmgr/xmega/sleepmgr.o
 .debug_macro   0x0000bb40      0x23f src/ASF/xmega/drivers/adc/adc.o
 .debug_macro   0x0000bd7f      0x23f src/ASF/xmega/drivers/adc/xmega_e/adc_e.o
 .debug_macro   0x0000bfbe      0x198 src/ASF/xmega/drivers/nvm/nvm.o
 .debug_macro   0x0000c156       0x26 src/ASF/xmega/drivers/nvm/nvm.o
 .debug_macro   0x0000c17c       0x16 src/ASF/xmega/drivers/nvm/nvm.o
 .debug_macro   0x0000c192      0x312 src/ASF/xmega/drivers/tc45/tc45.o
 .debug_macro   0x0000c4a4      0x299 src/ASF/xmega/drivers/tc45/tc45.o
 .debug_macro   0x0000c73d      0x199 src/ASF/xmega/drivers/twi/twim.o
 .debug_macro   0x0000c8d6      0x237 src/ASF/xmega/drivers/usart/usart.o
OUTPUT(wear.elf elf32-avr)
LOAD linker stubs

.BOOT           0x00008000        0x0
